RAM Allocation [bytes]
Variable                                                                          Address   Size
------------------------------------------------------------------------------------------------
prtc_get_time                                                                     0x3000       2
prtc_get_date                                                                     0x3002       2
fNAME                                                                             0x3004      15
potok1                                                                            0x3013      36
rx_buffer_usartc0                                                                 0x3037      30
nn                                                                                0x3055       1
adcb_store                                                                        0x3056       8
adca_store                                                                        0x305E       8
adcb_SD                                                                           0x3066       8
adca_SD                                                                           0x306E       8
B5upr                                                                             0x3076       1
A0                                                                                0x3077       6
AF                                                                                0x307D      18
AA                                                                                0x308F       4
A1                                                                                0x3093      27
AD                                                                                0x30AE       6
A7                                                                                0x30B4       3
p77                                                                               0x30B7       4
p76                                                                               0x30BB       4
ch                                                                                0x30BF       1
l                                                                                 0x30C0       1
AB                                                                                0x30C1      12
A2                                                                                0x30CD       4
AE                                                                                0x30D1      10
p6A                                                                               0x30DB       6
A4                                                                                0x30E1       6
p58                                                                               0x30E7       6
A6                                                                                0x30ED       6
check_sum                                                                         0x30F3       1
info                                                                              0x30F4      30
status                                                                            0x3112       1
data                                                                              0x3113       1
S0                                                                                0x3114      23
S1                                                                                0x312B      30
send                                                                              0x3149       1
Mx                                                                                0x314A       1
B5buf                                                                             0x314B       4
X                                                                                 0x314F       4
date1                                                                             0x3153       4
newdate                                                                           0x3157       1
newtime                                                                           0x3158       1
time1                                                                             0x3159       4
bufdt                                                                             0x315D       5
res                                                                               0x3162       1
nbytes                                                                            0x3163       2
fat                                                                               0x3165     562
file                                                                              0x3397     544
path                                                                              0x35B7      12
SD_IN                                                                             0x35C3       1
buffer                                                                            0x35C4      36
SD                                                                                0x35E8      15
SD1                                                                               0x35F7      15
twie_master                                                                       0x3606      12
AC1                                                                               0x3612       2
AC2                                                                               0x3614       2
AC3                                                                               0x3616       2
AC4                                                                               0x3618       2
AC5                                                                               0x361A       2
AC6                                                                               0x361C       2
B1                                                                                0x361E       2
B2                                                                                0x3620       2
MB                                                                                0x3622       2
MC                                                                                0x3624       2
MD                                                                                0x3626       2
UT                                                                                0x3628       4
oss                                                                               0x362C       1
UP                                                                                0x362D       4
X1                                                                                0x3631       4
X2                                                                                0x3635       4
B5                                                                                0x3639       4
Temp                                                                              0x363D       4
B6                                                                                0x3641       4
X3                                                                                0x3645       4
B3                                                                                0x3649       4
p                                                                                 0x364D       4
B4                                                                                0x3651       4
B7                                                                                0x3655       4
Tempf                                                                             0x3659       4
p1                                                                                0x365D       4
twi_bmp085_reg                                                                    0x3661      22
twi_bmp085_data                                                                   0x3677      22
read_temp_please                                                                  0x368D       2
read_temp_adr                                                                     0x368F       2
read_temp_data                                                                    0x3691       2
read_pres_please                                                                  0x3693       2
read_pres_adr                                                                     0x3695       3
read_pres_data                                                                    0x3698       3
U1in                                                                              0x369B       2
U1out                                                                             0x369D       2
U1io                                                                              0x369F       2
U1ne_invert                                                                       0x36A1       2
U2in                                                                              0x36A3       2
U2out                                                                             0x36A5       2
U2io                                                                              0x36A7       2
U2ne_invert                                                                       0x36A9       2
U3in                                                                              0x36AB       2
U3out                                                                             0x36AD       2
U3io                                                                              0x36AF       2
U3ne_invert                                                                       0x36B1       2
chan                                                                              0x36B3       1
RESULT                                                                            0x36B4       2
RESULT_buf                                                                        0x36B6       2
RESULT_sr                                                                         0x36B8       4
RESULT_count                                                                      0x36BC       1
status                                                                            0x36BD       1
timer1                                                                            0x36BE       1
timer2                                                                            0x36BF       1
card_type                                                                         0x36C0       1
FatFs                                                                             0x36C1       2
Fsid                                                                              0x36C3       2
Drive                                                                             0x36C5       1
_seed                                                                             0x36C6       4

EEPROM Allocation [bytes]
Variable                                                                          Address   Size
------------------------------------------------------------------------------------------------
Xsave                                                                             0x0001       4

Register Allocation
Variable                                                                          Register  Size
------------------------------------------------------------------------------------------------
flag_sd                                                                           GPIO0.0  1bit
izm                                                                               R3           1
T_analog                                                                          R4,R5        2
Tempf_K                                                                           R6,R7        2
CLBR                                                                              R2           1
KALC_PULS                                                                         R8,R9        2
RX_BUFFER_SIZE_USARTC0                                                            R11          1
rx_wr_index_usartc0                                                               R10          1
rx_rd_index_usartc0                                                               R13          1
rx_counter_usartc0                                                                R12          1

FLASH Allocation [words]
Function                                                                          Address   Size
------------------------------------------------------------------------------------------------
read_calibration_byte                                                             0x002E5     14
adca_init                                                                         0x002F3     63
adcb_init                                                                         0x00340     66
adcb_read                                                                         0x00382     25
topk                                                                              0x0039B     42
initzavod                                                                         0x003C5    617
reginit                                                                           0x0062E     61
ports_init                                                                        0x0066B    211
get_CNTRTC                                                                        0x0073E     23
rtc32_init_my                                                                     0x00755     62
set_CNTRTC                                                                        0x00793     24
calcDateTime                                                                      0x007AB    260
calcSeconds                                                                       0x008AF    273
usartc0_init                                                                      0x009C0     25
usartc0_rx_isr                                                                    0x009D9   1507
putchar                                                                           0x00FBC      9
usartd1_init                                                                      0x00FC5     24
putchar_usartd1                                                                   0x00FDD      9
monitor                                                                           0x00FE6     32
error                                                                             0x01006     38
tc0_disable                                                                       0x0102C     12
tcc0_init                                                                         0x01038    100
tcc1_init                                                                         0x0109C     57
tcd0_init                                                                         0x010D5     62
tcf0_init                                                                         0x01113     64
spic_init                                                                         0x01153      9
spic_master_tx_rx                                                                 0x0115C     12
twie_init                                                                         0x01168     22
twie_master_isr                                                                   0x0117E     31
set_reg                                                                           0x0119D    100
bmp_reg_init                                                                      0x01201    259
read_bmp                                                                          0x01304    550
init_buferU1                                                                      0x0152A     28
buferU1_set                                                                       0x01557     10
init_buferU2                                                                      0x01561     28
buferU2_set                                                                       0x0158E     10
init_buferU3                                                                      0x01598     28
buferU3_set                                                                       0x015C5     21
ad7705_init                                                                       0x015DA     22
ad7705                                                                            0x015F0     88
GETFILNAME                                                                        0x01648     62
bufform                                                                           0x01686    156
check_sd_card                                                                     0x01722    223
tcc0_overflow_isr                                                                 0x01801     22
tcc1_overflow_isr                                                                 0x01817    337
tcd0_overflow_isr                                                                 0x01968      9
tcf0_overflow_isr                                                                 0x01971     47
system_clocks_init                                                                0x019A0     49
main                                                                              0x019D1    638
crc7_G100                                                                         0x01C4F     29
wait_ready_G100                                                                   0x01C6C     30
deselect_card_G100                                                                0x01C8A     11
rx_datablock_G100                                                                 0x01C95    121
tx_datablock_G100                                                                 0x01D0E     80
send_cmd_G100                                                                     0x01D5E    118
rx_spi4_G100                                                                      0x01DD4     23
disk_initialize                                                                   0x01DEB    214
disk_status                                                                       0x01EC1     10
disk_read                                                                         0x01ECB    100
disk_write                                                                        0x01F2F    119
disk_ioctl                                                                        0x01FA6    409
disk_timerproc                                                                    0x0213F     22
get_fattime                                                                       0x02155    129
chk_chrf_G101                                                                     0x021D6     23
move_window_G101                                                                  0x021ED    100
sync_G101                                                                         0x02251    112
get_fat                                                                           0x022C1    123
put_fat                                                                           0x0233C    160
remove_chain_G101                                                                 0x023DC     85
create_chain_G101                                                                 0x02431    185
clust2sect                                                                        0x024EA     56
dir_seek_G101                                                                     0x02522    151
dir_next_G101                                                                     0x025B9    242
dir_find_G101                                                                     0x026AB     46
dir_register_G101                                                                 0x026D9     68
create_name_G101                                                                  0x0271D    170
follow_path_G101                                                                  0x027C7    134
check_fs_G101                                                                     0x0284D     50
chk_mounted                                                                       0x0287F    500
validate_G101                                                                     0x02A73     34
f_mount                                                                           0x02A95     42
f_open                                                                            0x02ABF    306
f_write                                                                           0x02BF1    460
f_sync                                                                            0x02DBD    136
f_close                                                                           0x02E45     17
f_lseek                                                                           0x02E56    428
put_buff_G102                                                                     0x03002     58
_ftoe_G102                                                                        0x0303C    200
_print_G102                                                                       0x03104    526
sprintf                                                                           0x03312     58
memcmp                                                                            0x0334C     25
memcpy                                                                            0x03365     18
memset                                                                            0x03377     16
strcpyf                                                                           0x03387     13
strlen                                                                            0x03394     12
strlenf                                                                           0x033A0     13
ftoa                                                                              0x033AD    194
twi_init                                                                          0x0346F     21
twi_master_init                                                                   0x03484     43
twi_master_int_handler                                                            0x034AF    136
twi_master_trans                                                                  0x03537    103
ftrunc                                                                            0x0359E     49
floor                                                                             0x035CF     22
